]8;;\[0;38;2;0;0;0;48;2;64;64;64;2mâ–ˆâ–ˆâ–“â–“â–’â–’â–‘â–‘]8;;\[0;38;2;64;64;64;48;2;255;0;0;2mâ–ˆâ–ˆâ–“â–“â–’â–’â–‘â–‘]8;;\[0;38;2;255;0;0;48;2;224;224;0;2mâ–ˆâ–ˆâ–“â–“â–’â–’â–‘â–‘]8;;\[0;38;2;224;224;0;48;2;0;160;0;2mâ–ˆâ–ˆâ–“â–“â–’â–’â–‘â–‘]8;;\[0;38;2;0;160;0;48;2;0;176;176;2mâ–ˆâ–ˆâ–“â–“â–’â–’â–‘â–‘]8;;\[0;38;2;0;176;176;48;2;0;64;224;2mâ–ˆâ–ˆâ–“â–“â–’â–’â–‘â–‘]8;;\[0;38;2;0;64;224;48;2;224;0;224;2mâ–ˆâ–ˆâ–“â–“â–’â–’â–‘â–‘]8;;\[0;38;2;224;0;224;48;2;64;64;64;2mâ–ˆâ–ˆâ–“â–“â–’â–’â–‘â–‘]8;;\[0;38;2;64;64;64;48;2;0;0;0;2mâ–ˆâ–ˆâ–“â–“â–’â–’â–‘â–‘  
]8;;\[0;38;2;0;0;0;48;2;64;64;64mâ–ˆâ–ˆâ–“â–“â–’â–’â–‘â–‘]8;;\[0;38;2;64;64;64;48;2;255;0;0mâ–ˆâ–ˆâ–“â–“â–’â–’â–‘â–‘]8;;\[0;38;2;255;0;0;48;2;224;224;0mâ–ˆâ–ˆâ–“â–“â–’â–’â–‘â–‘]8;;\[0;38;2;224;224;0;48;2;0;160;0mâ–ˆâ–ˆâ–“â–“â–’â–’â–‘â–‘]8;;\[0;38;2;0;160;0;48;2;0;176;176mâ–ˆâ–ˆâ–“â–“â–’â–’â–‘â–‘]8;;\[0;38;2;0;176;176;48;2;0;64;224mâ–ˆâ–ˆâ–“â–“â–’â–’â–‘â–‘]8;;\[0;38;2;0;64;224;48;2;224;0;224mâ–ˆâ–ˆâ–“â–“â–’â–’â–‘â–‘]8;;\[0;38;2;224;0;224;48;2;64;64;64mâ–ˆâ–ˆâ–“â–“â–’â–’â–‘â–‘]8;;\[0;38;2;64;64;64;48;2;0;0;0mâ–ˆâ–ˆâ–“â–“â–’â–’â–‘â–‘  
]8;;\[0;38;2;0;0;0;48;2;64;64;64mâ–ˆâ–ˆâ–“â–“â–’â–’â–‘â–‘]8;;\[0;38;2;64;64;64;48;2;255;48;48mâ–ˆâ–ˆâ–“â–“â–’â–’â–‘â–‘]8;;\[0;38;2;255;48;48;48;2;255;255;0mâ–ˆâ–ˆâ–“â–“â–’â–’â–‘â–‘]8;;\[0;38;2;255;255;0;48;2;0;255;0mâ–ˆâ–ˆâ–“â–“â–’â–’â–‘â–‘]8;;\[0;38;2;0;255;0;48;2;0;255;255mâ–ˆâ–ˆâ–“â–“â–’â–’â–‘â–‘]8;;\[0;38;2;0;255;255;48;2;0;128;255mâ–ˆâ–ˆâ–“â–“â–’â–’â–‘â–‘]8;;\[0;38;2;0;128;255;48;2;255;51;255mâ–ˆâ–ˆâ–“â–“â–’â–’â–‘â–‘]8;;\[0;38;2;255;51;255;48;2;64;64;64mâ–ˆâ–ˆâ–“â–“â–’â–’â–‘â–‘]8;;\[0;38;2;64;64;64;48;2;0;0;0mâ–ˆâ–ˆâ–“â–“â–’â–’â–‘â–‘  
]8;;\[0;38;2;0;0;0;48;2;64;64;64;2mâ–ˆâ–ˆâ–“â–“â–’â–’â–‘â–‘]8;;\[0;38;2;64;64;64;48;2;255;48;48;2mâ–ˆâ–ˆâ–“â–“â–’â–’â–‘â–‘]8;;\[0;38;2;255;48;48;48;2;255;255;0;2mâ–ˆâ–ˆâ–“â–“â–’â–’â–‘â–‘]8;;\[0;38;2;255;255;0;48;2;0;255;0;2mâ–ˆâ–ˆâ–“â–“â–’â–’â–‘â–‘]8;;\[0;38;2;0;255;0;48;2;0;255;255;2mâ–ˆâ–ˆâ–“â–“â–’â–’â–‘â–‘]8;;\[0;38;2;0;255;255;48;2;0;128;255;2mâ–ˆâ–ˆâ–“â–“â–’â–’â–‘â–‘]8;;\[0;38;2;0;128;255;48;2;255;51;255;2mâ–ˆâ–ˆâ–“â–“â–’â–’â–‘â–‘]8;;\[0;38;2;255;51;255;48;2;64;64;64;2mâ–ˆâ–ˆâ–“â–“â–’â–’â–‘â–‘]8;;\[0;38;2;64;64;64;48;2;0;0;0;2mâ–ˆâ–ˆâ–“â–“â–’â–’â–‘â–‘  [m