]8;;\[0;48;2;255;0;0mred red red r]8;;\[0;48;2;0;64;224mblue]8;;\[0;48;2;255;0;0med]8;;\[0;48;2;0;64;224mblue[m