]0;tapjs/node-test-example main - tapjs/node-test-example\]8;;\[0;38;2;255;255;255;48;2;255;0;0;1m FAIL ]8;;\[0m test/node.test.js ]8;;\[0;38;2;255;0;0m2 failed]8;;\[0m of ]8;;\[0;1m4]8;;\[0m ]8;;\[0;2m6.498ms
]8;;\[0m ]8;;\[0;38;2;255;0;0;1m✖]8;;\[0m suite of tests that fail > uhoh, this one throws
 ]8;;\[0;38;2;255;0;0;1m✖]8;;\[0m suite of tests that fail > failer
]8;;\[0;38;2;255;255;255;48;2;255;0;0;1m FAIL ]8;;\[0m test/tap.test.js ]8;;\[0;38;2;255;0;0m3 failed]8;;\[0m of ]8;;\[0;1m18]8;;\[0m ]8;;\[0;2m383ms
]8;;\[0m ]8;;\[0;38;2;255;0;0;1m✖]8;;\[0m suite of tests that fail > uhoh, this one throws > Invalid time value ]8;;\[0;2mlib/index.mjs:11:43
]8;;\[0m ]8;;\[0;38;2;255;0;0;1m✖]8;;\[0m suite of tests that fail > failer > should be equal ]8;;\[0;2mtest/tap.test.js:35:7
]8;;\[0m ]8;;\[0;38;2;255;0;0;1m✖]8;;\[0m suite of tests that fail > failer > should be equal ]8;;\[0;2mtest/tap.test.js:37:7

]8;;\[0;48;2;255;255;255m                       
]8;;\[0;38;2;0;0;0;48;2;255;255;255;1m  🌈 TEST COMPLETE 🌈  
]8;;\[0;48;2;255;255;255m                       

]8;;\[0;38;2;255;255;255;48;2;255;0;0;1m FAIL ]8;;\[0m test/node.test.js ]8;;\[0;38;2;255;0;0m2 failed]8;;\[0m of ]8;;\[0;1m4]8;;\[0m ]8;;\[0;2m6.498ms
]8;;\[0m ]8;;\[0;38;2;255;0;0;1m✖]8;;\[0m suite of tests that fail > uhoh, this one throws
    ]8;;\[0;48;2;28;28;28;2mtest/node.test.js                                                       
]8;;\[0m    ]8;;\[0;38;2;143;165;209;48;2;28;28;28m20 ]8;;\[0;38;2;147;205;255;48;2;28;28;28m})]8;;\[0;38;2;208;208;208;48;2;28;28;28m                                                                   
]8;;\[0m    ]8;;\[0;38;2;143;165;209;48;2;28;28;28m21 ]8;;\[0;38;2;208;208;208;48;2;28;28;28m                                                                     
]8;;\[0m    ]8;;\[0;38;2;143;165;209;48;2;28;28;28m22 ]8;;\[0;38;2;208;208;208;48;2;28;28;28mtest]8;;\[0;38;2;147;205;255;48;2;28;28;28m(]8;;\[0;38;2;135;215;95;48;2;28;28;28m'suite of tests that fail']8;;\[0;38;2;147;205;255;48;2;28;28;28m,]8;;\[0;38;2;208;208;208;48;2;28;28;28m ]8;;\[0;38;2;121;192;255;48;2;28;28;28masync]8;;\[0;38;2;208;208;208;48;2;28;28;28m t => ]8;;\[0;38;2;147;205;255;48;2;28;28;28m{]8;;\[0;38;2;208;208;208;48;2;28;28;28m                        
]8;;\[0m    ]8;;\[0;38;2;143;165;209;48;2;28;28;28m23 ]8;;\[0;38;2;208;208;208;48;2;28;28;28m  ]8;;\[0;38;2;121;192;255;48;2;28;28;28mawait]8;;\[0;38;2;208;208;208;48;2;28;28;28m t]8;;\[0;38;2;147;205;255;48;2;28;28;28m.]8;;\[0;38;2;208;208;208;48;2;28;28;28mtest]8;;\[0;38;2;147;205;255;48;2;28;28;28m(]8;;\[0;38;2;135;215;95;48;2;28;28;28m'uhoh, this one throws']8;;\[0;38;2;147;205;255;48;2;28;28;28m,]8;;\[0;38;2;208;208;208;48;2;28;28;28m ]8;;\[0;38;2;147;205;255;48;2;28;28;28m()]8;;\[0;38;2;208;208;208;48;2;28;28;28m => ]8;;\[0;38;2;147;205;255;48;2;28;28;28m{]8;;\[0;38;2;208;208;208;48;2;28;28;28m                      
]8;;\[0m    ]8;;\[0;38;2;255;0;0;48;2;28;28;28m━━━━━━━━━━━━━]8;;\[0;38;2;255;0;0;48;2;28;28;28;1m┛]8;;\[0;38;2;255;0;0;48;2;28;28;28m                                                          
]8;;\[0m    ]8;;\[0;38;2;143;165;209;48;2;28;28;28m24 ]8;;\[0;38;2;208;208;208;48;2;28;28;28m    assert]8;;\[0;38;2;147;205;255;48;2;28;28;28m.]8;;\[0;38;2;208;208;208;48;2;28;28;28mequal]8;;\[0;38;2;147;205;255;48;2;28;28;28m(]8;;\[0;38;2;208;208;208;48;2;28;28;28mthrower]8;;\[0;38;2;147;205;255;48;2;28;28;28m(]8;;\[0;38;2;135;215;95;48;2;28;28;28m0]8;;\[0;38;2;147;205;255;48;2;28;28;28m),]8;;\[0;38;2;208;208;208;48;2;28;28;28m ]8;;\[0;38;2;135;215;95;48;2;28;28;28m'1970-01-01T00:00:00.000Z']8;;\[0;38;2;147;205;255;48;2;28;28;28m)]8;;\[0;38;2;208;208;208;48;2;28;28;28m             
]8;;\[0m    ]8;;\[0;38;2;143;165;209;48;2;28;28;28m25 ]8;;\[0;38;2;208;208;208;48;2;28;28;28m    assert]8;;\[0;38;2;147;205;255;48;2;28;28;28m.]8;;\[0;38;2;208;208;208;48;2;28;28;28mequal]8;;\[0;38;2;147;205;255;48;2;28;28;28m(]8;;\[0;38;2;208;208;208;48;2;28;28;28mthrower]8;;\[0;38;2;147;205;255;48;2;28;28;28m(]8;;\[0;38;2;135;215;95;48;2;28;28;28m1234567891011]8;;\[0;38;2;147;205;255;48;2;28;28;28m),]8;;\[0;38;2;208;208;208;48;2;28;28;28m ]8;;\[0;38;2;135;215;95;48;2;28;28;28m'2009-02-13T23:31:31.011Z']8;;\[0;38;2;147;205;255;48;2;28;28;28m)]8;;\[0;38;2;208;208;208;48;2;28;28;28m 
]8;;\[0m    ]8;;\[0;38;2;143;165;209;48;2;28;28;28m26 ]8;;\[0;38;2;208;208;208;48;2;28;28;28m    assert]8;;\[0;38;2;147;205;255;48;2;28;28;28m.]8;;\[0;38;2;208;208;208;48;2;28;28;28mequal]8;;\[0;38;2;147;205;255;48;2;28;28;28m(]8;;\[0;38;2;208;208;208;48;2;28;28;28mthrower]8;;\[0;38;2;147;205;255;48;2;28;28;28m({}),]8;;\[0;38;2;208;208;208;48;2;28;28;28m ]8;;\[0;38;2;135;215;95;48;2;28;28;28m'Invalid Date']8;;\[0;38;2;147;205;255;48;2;28;28;28m)]8;;\[0;38;2;208;208;208;48;2;28;28;28m                        
]8;;\[0m    ]8;;\[0;38;2;143;165;209;48;2;28;28;28m27 ]8;;\[0;38;2;208;208;208;48;2;28;28;28m  ]8;;\[0;38;2;147;205;255;48;2;28;28;28m})]8;;\[0;38;2;208;208;208;48;2;28;28;28m                                                                 
]8;;\[0m    ]8;;\[0;48;2;28;28;28;2merror origin: lib/index.mjs                                  
]8;;\[0m    ]8;;\[0;38;2;143;165;209;48;2;28;28;28m 8 ]8;;\[0;38;2;208;208;208;48;2;28;28;28m                                                          
]8;;\[0m    ]8;;\[0;38;2;143;165;209;48;2;28;28;28m 9 ]8;;\[0;38;2;215;95;255;48;2;28;28;28;3m// This is a function that throws, to show how both]8;;\[0;38;2;208;208;208;48;2;28;28;28m       
]8;;\[0m    ]8;;\[0;38;2;143;165;209;48;2;28;28;28m10 ]8;;\[0;38;2;215;95;255;48;2;28;28;28;3m// handle errors.]8;;\[0;38;2;208;208;208;48;2;28;28;28m                                         
]8;;\[0m    ]8;;\[0;38;2;143;165;209;48;2;28;28;28m11 ]8;;\[0;38;2;121;192;255;48;2;28;28;28mexport]8;;\[0;38;2;208;208;208;48;2;28;28;28m ]8;;\[0;38;2;121;192;255;48;2;28;28;28mconst]8;;\[0;38;2;208;208;208;48;2;28;28;28m thrower = ]8;;\[0;38;2;147;205;255;48;2;28;28;28m(]8;;\[0;38;2;208;208;208;48;2;28;28;28mn]8;;\[0;38;2;147;205;255;48;2;28;28;28m)]8;;\[0;38;2;208;208;208;48;2;28;28;28m => ]8;;\[0;38;2;121;192;255;48;2;28;28;28mnew]8;;\[0;38;2;208;208;208;48;2;28;28;28m Date]8;;\[0;38;2;147;205;255;48;2;28;28;28m(]8;;\[0;38;2;208;208;208;48;2;28;28;28mn]8;;\[0;38;2;147;205;255;48;2;28;28;28m).]8;;\[0;38;2;208;208;208;48;2;28;28;28mtoISOString]8;;\[0;38;2;147;205;255;48;2;28;28;28m()]8;;\[0;38;2;208;208;208;48;2;28;28;28m   
]8;;\[0m    ]8;;\[0;38;2;255;0;0;48;2;28;28;28m━━━━━━━━━━━━━━━━━━━━━━━━━━━━━━━━━━━━━━━━━━━━━]8;;\[0;38;2;255;0;0;48;2;28;28;28;1m┛]8;;\[0;38;2;255;0;0;48;2;28;28;28m               
]8;;\[0m    ]8;;\[0;38;2;143;165;209;48;2;28;28;28m12 ]8;;\[0;38;2;208;208;208;48;2;28;28;28m                                                          
]8;;\[0m    ]8;;\[0;38;2;143;165;209;48;2;28;28;28m13 ]8;;\[0;38;2;215;95;255;48;2;28;28;28;3m// one that fails, to show how failures are handled]8;;\[0;38;2;208;208;208;48;2;28;28;28m       
]8;;\[0m    ]8;;\[0;38;2;143;165;209;48;2;28;28;28m14 ]8;;\[0;38;2;121;192;255;48;2;28;28;28mexport]8;;\[0;38;2;208;208;208;48;2;28;28;28m ]8;;\[0;38;2;121;192;255;48;2;28;28;28mconst]8;;\[0;38;2;208;208;208;48;2;28;28;28m failer = ]8;;\[0;38;2;147;205;255;48;2;28;28;28m(]8;;\[0;38;2;208;208;208;48;2;28;28;28mn]8;;\[0;38;2;147;205;255;48;2;28;28;28m)]8;;\[0;38;2;208;208;208;48;2;28;28;28m => String]8;;\[0;38;2;147;205;255;48;2;28;28;28m(]8;;\[0;38;2;208;208;208;48;2;28;28;28mn + ]8;;\[0;38;2;135;215;95;48;2;28;28;28m1]8;;\[0;38;2;147;205;255;48;2;28;28;28m)]8;;\[0;38;2;208;208;208;48;2;28;28;28m                
]8;;\[0m    ]8;;\[0;2merror:]8;;\[0m Invalid time value
    ]8;;\[0;2mcode:]8;;\[0m ERR_TEST_FAILURE
    ]8;;\[0;2mfailureType: testCodeFailure
]8;;\[0m    ]8;;\[0;2mname: RangeError
]8;;\[0m    ]8;;\[0;2mDate.toISOString (<anonymous>)
]8;;\[0m    ]8;;\[0;2mthrower (]8;;\[0;38;2;255;255;0mlib/index.mjs]8;;\[0;2m:11:43)
]8;;\[0m    ]8;;\[0;2mTestContext.<anonymous> (]8;;\[0;38;2;255;255;0mtest/node.test.js]8;;\[0;2m:26:18)
]8;;\[0m    ]8;;\[0;2mTestContext.<anonymous> (]8;;\[0;38;2;255;255;0mtest/node.test.js]8;;\[0;2m:23:11)

]8;;\[0m ]8;;\[0;38;2;255;0;0;1m✖]8;;\[0m suite of tests that fail > failer
    ]8;;\[0;48;2;28;28;28;2mtest/node.test.js                                                       
]8;;\[0m    ]8;;\[0;38;2;143;165;209;48;2;28;28;28m26 ]8;;\[0;38;2;208;208;208;48;2;28;28;28m    assert]8;;\[0;38;2;147;205;255;48;2;28;28;28m.]8;;\[0;38;2;208;208;208;48;2;28;28;28mequal]8;;\[0;38;2;147;205;255;48;2;28;28;28m(]8;;\[0;38;2;208;208;208;48;2;28;28;28mthrower]8;;\[0;38;2;147;205;255;48;2;28;28;28m({}),]8;;\[0;38;2;208;208;208;48;2;28;28;28m ]8;;\[0;38;2;135;215;95;48;2;28;28;28m'Invalid Date']8;;\[0;38;2;147;205;255;48;2;28;28;28m)]8;;\[0;38;2;208;208;208;48;2;28;28;28m                        
]8;;\[0m    ]8;;\[0;38;2;143;165;209;48;2;28;28;28m27 ]8;;\[0;38;2;208;208;208;48;2;28;28;28m  ]8;;\[0;38;2;147;205;255;48;2;28;28;28m})]8;;\[0;38;2;208;208;208;48;2;28;28;28m                                                                 
]8;;\[0m    ]8;;\[0;38;2;143;165;209;48;2;28;28;28m28 ]8;;\[0;38;2;208;208;208;48;2;28;28;28m                                                                     
]8;;\[0m    ]8;;\[0;38;2;143;165;209;48;2;28;28;28m29 ]8;;\[0;38;2;208;208;208;48;2;28;28;28m  ]8;;\[0;38;2;121;192;255;48;2;28;28;28mawait]8;;\[0;38;2;208;208;208;48;2;28;28;28m t]8;;\[0;38;2;147;205;255;48;2;28;28;28m.]8;;\[0;38;2;208;208;208;48;2;28;28;28mtest]8;;\[0;38;2;147;205;255;48;2;28;28;28m(]8;;\[0;38;2;135;215;95;48;2;28;28;28m'failer']8;;\[0;38;2;147;205;255;48;2;28;28;28m,]8;;\[0;38;2;208;208;208;48;2;28;28;28m ]8;;\[0;38;2;147;205;255;48;2;28;28;28m()]8;;\[0;38;2;208;208;208;48;2;28;28;28m => ]8;;\[0;38;2;147;205;255;48;2;28;28;28m{]8;;\[0;38;2;208;208;208;48;2;28;28;28m                                     
]8;;\[0m    ]8;;\[0;38;2;255;0;0;48;2;28;28;28m━━━━━━━━━━━━━]8;;\[0;38;2;255;0;0;48;2;28;28;28;1m┛]8;;\[0;38;2;255;0;0;48;2;28;28;28m                                                          
]8;;\[0m    ]8;;\[0;38;2;143;165;209;48;2;28;28;28m30 ]8;;\[0;38;2;208;208;208;48;2;28;28;28m    assert]8;;\[0;38;2;147;205;255;48;2;28;28;28m.]8;;\[0;38;2;208;208;208;48;2;28;28;28mequal]8;;\[0;38;2;147;205;255;48;2;28;28;28m(]8;;\[0;38;2;208;208;208;48;2;28;28;28mfailer]8;;\[0;38;2;147;205;255;48;2;28;28;28m(]8;;\[0;38;2;135;215;95;48;2;28;28;28m1]8;;\[0;38;2;147;205;255;48;2;28;28;28m),]8;;\[0;38;2;208;208;208;48;2;28;28;28m ]8;;\[0;38;2;135;215;95;48;2;28;28;28m'2']8;;\[0;38;2;147;205;255;48;2;28;28;28m)]8;;\[0;38;2;208;208;208;48;2;28;28;28m                                     
]8;;\[0m    ]8;;\[0;38;2;143;165;209;48;2;28;28;28m31 ]8;;\[0;38;2;208;208;208;48;2;28;28;28m    assert]8;;\[0;38;2;147;205;255;48;2;28;28;28m.]8;;\[0;38;2;208;208;208;48;2;28;28;28mequal]8;;\[0;38;2;147;205;255;48;2;28;28;28m(]8;;\[0;38;2;208;208;208;48;2;28;28;28mfailer]8;;\[0;38;2;147;205;255;48;2;28;28;28m(]8;;\[0;38;2;208;208;208;48;2;28;28;28m-]8;;\[0;38;2;135;215;95;48;2;28;28;28m1]8;;\[0;38;2;147;205;255;48;2;28;28;28m),]8;;\[0;38;2;208;208;208;48;2;28;28;28m ]8;;\[0;38;2;135;215;95;48;2;28;28;28m'0']8;;\[0;38;2;147;205;255;48;2;28;28;28m)]8;;\[0;38;2;208;208;208;48;2;28;28;28m                                    
]8;;\[0m    ]8;;\[0;38;2;143;165;209;48;2;28;28;28m32 ]8;;\[0;38;2;208;208;208;48;2;28;28;28m    ]8;;\[0;38;2;215;95;255;48;2;28;28;28;3m// expect to convert string numbers to Number, but doesn't]8;;\[0;38;2;208;208;208;48;2;28;28;28m       
]8;;\[0m    ]8;;\[0;38;2;143;165;209;48;2;28;28;28m33 ]8;;\[0;38;2;208;208;208;48;2;28;28;28m    assert]8;;\[0;38;2;147;205;255;48;2;28;28;28m.]8;;\[0;38;2;208;208;208;48;2;28;28;28mequal]8;;\[0;38;2;147;205;255;48;2;28;28;28m(]8;;\[0;38;2;208;208;208;48;2;28;28;28mfailer]8;;\[0;38;2;147;205;255;48;2;28;28;28m(]8;;\[0;38;2;135;215;95;48;2;28;28;28m'1']8;;\[0;38;2;147;205;255;48;2;28;28;28m),]8;;\[0;38;2;208;208;208;48;2;28;28;28m ]8;;\[0;38;2;135;215;95;48;2;28;28;28m'2']8;;\[0;38;2;147;205;255;48;2;28;28;28m)]8;;\[0;38;2;208;208;208;48;2;28;28;28m                                   
]8;;\[0m    ]8;;\[0;48;2;28;28;28;2merror origin: test/node.test.js                                         
]8;;\[0m    ]8;;\[0;38;2;143;165;209;48;2;28;28;28m30 ]8;;\[0;38;2;208;208;208;48;2;28;28;28m    assert]8;;\[0;38;2;147;205;255;48;2;28;28;28m.]8;;\[0;38;2;208;208;208;48;2;28;28;28mequal]8;;\[0;38;2;147;205;255;48;2;28;28;28m(]8;;\[0;38;2;208;208;208;48;2;28;28;28mfailer]8;;\[0;38;2;147;205;255;48;2;28;28;28m(]8;;\[0;38;2;135;215;95;48;2;28;28;28m1]8;;\[0;38;2;147;205;255;48;2;28;28;28m),]8;;\[0;38;2;208;208;208;48;2;28;28;28m ]8;;\[0;38;2;135;215;95;48;2;28;28;28m'2']8;;\[0;38;2;147;205;255;48;2;28;28;28m)]8;;\[0;38;2;208;208;208;48;2;28;28;28m                                     
]8;;\[0m    ]8;;\[0;38;2;143;165;209;48;2;28;28;28m31 ]8;;\[0;38;2;208;208;208;48;2;28;28;28m    assert]8;;\[0;38;2;147;205;255;48;2;28;28;28m.]8;;\[0;38;2;208;208;208;48;2;28;28;28mequal]8;;\[0;38;2;147;205;255;48;2;28;28;28m(]8;;\[0;38;2;208;208;208;48;2;28;28;28mfailer]8;;\[0;38;2;147;205;255;48;2;28;28;28m(]8;;\[0;38;2;208;208;208;48;2;28;28;28m-]8;;\[0;38;2;135;215;95;48;2;28;28;28m1]8;;\[0;38;2;147;205;255;48;2;28;28;28m),]8;;\[0;38;2;208;208;208;48;2;28;28;28m ]8;;\[0;38;2;135;215;95;48;2;28;28;28m'0']8;;\[0;38;2;147;205;255;48;2;28;28;28m)]8;;\[0;38;2;208;208;208;48;2;28;28;28m                                    
]8;;\[0m    ]8;;\[0;38;2;143;165;209;48;2;28;28;28m32 ]8;;\[0;38;2;208;208;208;48;2;28;28;28m    ]8;;\[0;38;2;215;95;255;48;2;28;28;28;3m// expect to convert string numbers to Number, but doesn't]8;;\[0;38;2;208;208;208;48;2;28;28;28m       
]8;;\[0m    ]8;;\[0;38;2;143;165;209;48;2;28;28;28m33 ]8;;\[0;38;2;208;208;208;48;2;28;28;28m    assert]8;;\[0;38;2;147;205;255;48;2;28;28;28m.]8;;\[0;38;2;208;208;208;48;2;28;28;28mequal]8;;\[0;38;2;147;205;255;48;2;28;28;28m(]8;;\[0;38;2;208;208;208;48;2;28;28;28mfailer]8;;\[0;38;2;147;205;255;48;2;28;28;28m(]8;;\[0;38;2;135;215;95;48;2;28;28;28m'1']8;;\[0;38;2;147;205;255;48;2;28;28;28m),]8;;\[0;38;2;208;208;208;48;2;28;28;28m ]8;;\[0;38;2;135;215;95;48;2;28;28;28m'2']8;;\[0;38;2;147;205;255;48;2;28;28;28m)]8;;\[0;38;2;208;208;208;48;2;28;28;28m                                   
]8;;\[0m    ]8;;\[0;38;2;255;0;0;48;2;28;28;28m━━━━━━━━━━━━━━]8;;\[0;38;2;255;0;0;48;2;28;28;28;1m┛]8;;\[0;38;2;255;0;0;48;2;28;28;28m                                                         
]8;;\[0m    ]8;;\[0;38;2;143;165;209;48;2;28;28;28m34 ]8;;\[0;38;2;208;208;208;48;2;28;28;28m    ]8;;\[0;38;2;215;95;255;48;2;28;28;28;3m// expect to convert non-numerics to 0, but it doesn't]8;;\[0;38;2;208;208;208;48;2;28;28;28m           
]8;;\[0m    ]8;;\[0;38;2;143;165;209;48;2;28;28;28m35 ]8;;\[0;38;2;208;208;208;48;2;28;28;28m    assert]8;;\[0;38;2;147;205;255;48;2;28;28;28m.]8;;\[0;38;2;208;208;208;48;2;28;28;28mequal]8;;\[0;38;2;147;205;255;48;2;28;28;28m(]8;;\[0;38;2;208;208;208;48;2;28;28;28mfailer]8;;\[0;38;2;147;205;255;48;2;28;28;28m({}),]8;;\[0;38;2;208;208;208;48;2;28;28;28m ]8;;\[0;38;2;135;215;95;48;2;28;28;28m'1']8;;\[0;38;2;147;205;255;48;2;28;28;28m)]8;;\[0;38;2;208;208;208;48;2;28;28;28m                                    
]8;;\[0m    ]8;;\[0;38;2;143;165;209;48;2;28;28;28m36 ]8;;\[0;38;2;208;208;208;48;2;28;28;28m  ]8;;\[0;38;2;147;205;255;48;2;28;28;28m})]8;;\[0;38;2;208;208;208;48;2;28;28;28m                                                                 
]8;;\[0m    ]8;;\[0;38;2;143;165;209;48;2;28;28;28m37 ]8;;\[0;38;2;147;205;255;48;2;28;28;28m})]8;;\[0;38;2;208;208;208;48;2;28;28;28m                                                                   
]8;;\[0m    ]8;;\[0;38;2;255;229;241;48;2;172;62;163m--- expected   
]8;;\[0m    ]8;;\[0;38;2;242;255;229;48;2;58;117;0m+++ actual     
]8;;\[0m    ]8;;\[0;38;2;117;158;239;48;2;34;34;34;1m@@ -1,1 +1,1 @@
]8;;\[0m    ]8;;\[0;38;2;255;229;241;48;2;172;62;163m-"2"           
]8;;\[0m    ]8;;\[0;38;2;242;255;229;48;2;58;117;0m+"11"          
]8;;\[0m    ]8;;\[0;2merror:]8;;\[0m "'11' == '2'"
    ]8;;\[0;2mcode:]8;;\[0m ERR_ASSERTION
    ]8;;\[0;2mfailureType: testCodeFailure
]8;;\[0m    ]8;;\[0;2mname: AssertionError
]8;;\[0m    ]8;;\[0;2moperator: ==
]8;;\[0m    ]8;;\[0;2mTestContext.<anonymous> (]8;;\[0;38;2;255;255;0mtest/node.test.js]8;;\[0;2m:33:12)
]8;;\[0m    ]8;;\[0;2mTestContext.<anonymous> (]8;;\[0;38;2;255;255;0mtest/node.test.js]8;;\[0;2m:29:11)

]8;;\[0;38;2;255;255;255;48;2;255;0;0;1m FAIL ]8;;\[0m test/tap.test.js ]8;;\[0;38;2;255;0;0m3 failed]8;;\[0m of ]8;;\[0;1m18]8;;\[0m ]8;;\[0;2m383ms
]8;;\[0m ]8;;\[0;38;2;255;0;0;1m✖]8;;\[0m suite of tests that fail > uhoh, this one throws > Invalid time value
    ]8;;\[0;48;2;28;28;28;2mlib/index.mjs                                                
]8;;\[0m    ]8;;\[0;38;2;143;165;209;48;2;28;28;28m 8 ]8;;\[0;38;2;208;208;208;48;2;28;28;28m                                                          
]8;;\[0m    ]8;;\[0;38;2;143;165;209;48;2;28;28;28m 9 ]8;;\[0;38;2;215;95;255;48;2;28;28;28;3m// This is a function that throws, to show how both]8;;\[0;38;2;208;208;208;48;2;28;28;28m       
]8;;\[0m    ]8;;\[0;38;2;143;165;209;48;2;28;28;28m10 ]8;;\[0;38;2;215;95;255;48;2;28;28;28;3m// handle errors.]8;;\[0;38;2;208;208;208;48;2;28;28;28m                                         
]8;;\[0m    ]8;;\[0;38;2;143;165;209;48;2;28;28;28m11 ]8;;\[0;38;2;121;192;255;48;2;28;28;28mexport]8;;\[0;38;2;208;208;208;48;2;28;28;28m ]8;;\[0;38;2;121;192;255;48;2;28;28;28mconst]8;;\[0;38;2;208;208;208;48;2;28;28;28m thrower = ]8;;\[0;38;2;147;205;255;48;2;28;28;28m(]8;;\[0;38;2;208;208;208;48;2;28;28;28mn]8;;\[0;38;2;147;205;255;48;2;28;28;28m)]8;;\[0;38;2;208;208;208;48;2;28;28;28m => ]8;;\[0;38;2;121;192;255;48;2;28;28;28mnew]8;;\[0;38;2;208;208;208;48;2;28;28;28m Date]8;;\[0;38;2;147;205;255;48;2;28;28;28m(]8;;\[0;38;2;208;208;208;48;2;28;28;28mn]8;;\[0;38;2;147;205;255;48;2;28;28;28m).]8;;\[0;38;2;208;208;208;48;2;28;28;28mtoISOString]8;;\[0;38;2;147;205;255;48;2;28;28;28m()]8;;\[0;38;2;208;208;208;48;2;28;28;28m   
]8;;\[0m    ]8;;\[0;38;2;255;0;0;48;2;28;28;28m━━━━━━━━━━━━━━━━━━━━━━━━━━━━━━━━━━━━━━━━━━━━━]8;;\[0;38;2;255;0;0;48;2;28;28;28;1m┛]8;;\[0;38;2;255;0;0;48;2;28;28;28m               
]8;;\[0m    ]8;;\[0;38;2;143;165;209;48;2;28;28;28m12 ]8;;\[0;38;2;208;208;208;48;2;28;28;28m                                                          
]8;;\[0m    ]8;;\[0;38;2;143;165;209;48;2;28;28;28m13 ]8;;\[0;38;2;215;95;255;48;2;28;28;28;3m// one that fails, to show how failures are handled]8;;\[0;38;2;208;208;208;48;2;28;28;28m       
]8;;\[0m    ]8;;\[0;38;2;143;165;209;48;2;28;28;28m14 ]8;;\[0;38;2;121;192;255;48;2;28;28;28mexport]8;;\[0;38;2;208;208;208;48;2;28;28;28m ]8;;\[0;38;2;121;192;255;48;2;28;28;28mconst]8;;\[0;38;2;208;208;208;48;2;28;28;28m failer = ]8;;\[0;38;2;147;205;255;48;2;28;28;28m(]8;;\[0;38;2;208;208;208;48;2;28;28;28mn]8;;\[0;38;2;147;205;255;48;2;28;28;28m)]8;;\[0;38;2;208;208;208;48;2;28;28;28m => String]8;;\[0;38;2;147;205;255;48;2;28;28;28m(]8;;\[0;38;2;208;208;208;48;2;28;28;28mn + ]8;;\[0;38;2;135;215;95;48;2;28;28;28m1]8;;\[0;38;2;147;205;255;48;2;28;28;28m)]8;;\[0;38;2;208;208;208;48;2;28;28;28m                
]8;;\[0m    ]8;;\[0;2mtype: RangeError
]8;;\[0m    ]8;;\[0;2mtapCaught: testFunctionThrow
]8;;\[0m    ]8;;\[0;2mDate.toISOString (<anonymous>)
]8;;\[0m    ]8;;\[0;2mthrower (]8;;\[0;38;2;255;255;0mlib/index.mjs]8;;\[0;2m:11:43)
]8;;\[0m    ]8;;\[0;2mTest.<anonymous> (]8;;\[0;38;2;255;255;0mtest/tap.test.js]8;;\[0;2m:27:13)

]8;;\[0m ]8;;\[0;38;2;255;0;0;1m✖]8;;\[0m suite of tests that fail > failer > should be equal
    ]8;;\[0;48;2;28;28;28;2mtest/tap.test.js                                                        
]8;;\[0m    ]8;;\[0;38;2;143;165;209;48;2;28;28;28m32 ]8;;\[0;38;2;208;208;208;48;2;28;28;28m    t]8;;\[0;38;2;147;205;255;48;2;28;28;28m.]8;;\[0;38;2;208;208;208;48;2;28;28;28mequal]8;;\[0;38;2;147;205;255;48;2;28;28;28m(]8;;\[0;38;2;208;208;208;48;2;28;28;28mfailer]8;;\[0;38;2;147;205;255;48;2;28;28;28m(]8;;\[0;38;2;135;215;95;48;2;28;28;28m1]8;;\[0;38;2;147;205;255;48;2;28;28;28m),]8;;\[0;38;2;208;208;208;48;2;28;28;28m ]8;;\[0;38;2;135;215;95;48;2;28;28;28m'2']8;;\[0;38;2;147;205;255;48;2;28;28;28m)]8;;\[0;38;2;208;208;208;48;2;28;28;28m                                          
]8;;\[0m    ]8;;\[0;38;2;143;165;209;48;2;28;28;28m33 ]8;;\[0;38;2;208;208;208;48;2;28;28;28m    t]8;;\[0;38;2;147;205;255;48;2;28;28;28m.]8;;\[0;38;2;208;208;208;48;2;28;28;28mequal]8;;\[0;38;2;147;205;255;48;2;28;28;28m(]8;;\[0;38;2;208;208;208;48;2;28;28;28mfailer]8;;\[0;38;2;147;205;255;48;2;28;28;28m(]8;;\[0;38;2;208;208;208;48;2;28;28;28m-]8;;\[0;38;2;135;215;95;48;2;28;28;28m1]8;;\[0;38;2;147;205;255;48;2;28;28;28m),]8;;\[0;38;2;208;208;208;48;2;28;28;28m ]8;;\[0;38;2;135;215;95;48;2;28;28;28m'0']8;;\[0;38;2;147;205;255;48;2;28;28;28m)]8;;\[0;38;2;208;208;208;48;2;28;28;28m                                         
]8;;\[0m    ]8;;\[0;38;2;143;165;209;48;2;28;28;28m34 ]8;;\[0;38;2;208;208;208;48;2;28;28;28m    ]8;;\[0;38;2;215;95;255;48;2;28;28;28;3m// expect to convert string numbers to Number, but doesn't]8;;\[0;38;2;208;208;208;48;2;28;28;28m       
]8;;\[0m    ]8;;\[0;38;2;143;165;209;48;2;28;28;28m35 ]8;;\[0;38;2;208;208;208;48;2;28;28;28m    t]8;;\[0;38;2;147;205;255;48;2;28;28;28m.]8;;\[0;38;2;208;208;208;48;2;28;28;28mequal]8;;\[0;38;2;147;205;255;48;2;28;28;28m(]8;;\[0;38;2;208;208;208;48;2;28;28;28mfailer]8;;\[0;38;2;147;205;255;48;2;28;28;28m(]8;;\[0;38;2;135;215;95;48;2;28;28;28m'1']8;;\[0;38;2;147;205;255;48;2;28;28;28m),]8;;\[0;38;2;208;208;208;48;2;28;28;28m ]8;;\[0;38;2;135;215;95;48;2;28;28;28m'2']8;;\[0;38;2;147;205;255;48;2;28;28;28m)]8;;\[0;38;2;208;208;208;48;2;28;28;28m                                        
]8;;\[0m    ]8;;\[0;38;2;255;0;0;48;2;28;28;28m━━━━━━━━━]8;;\[0;38;2;255;0;0;48;2;28;28;28;1m┛]8;;\[0;38;2;255;0;0;48;2;28;28;28m                                                              
]8;;\[0m    ]8;;\[0;38;2;143;165;209;48;2;28;28;28m36 ]8;;\[0;38;2;208;208;208;48;2;28;28;28m    ]8;;\[0;38;2;215;95;255;48;2;28;28;28;3m// expect to convert non-numerics to 0, but it doesn't]8;;\[0;38;2;208;208;208;48;2;28;28;28m           
]8;;\[0m    ]8;;\[0;38;2;143;165;209;48;2;28;28;28m37 ]8;;\[0;38;2;208;208;208;48;2;28;28;28m    t]8;;\[0;38;2;147;205;255;48;2;28;28;28m.]8;;\[0;38;2;208;208;208;48;2;28;28;28mequal]8;;\[0;38;2;147;205;255;48;2;28;28;28m(]8;;\[0;38;2;208;208;208;48;2;28;28;28mfailer]8;;\[0;38;2;147;205;255;48;2;28;28;28m({}),]8;;\[0;38;2;208;208;208;48;2;28;28;28m ]8;;\[0;38;2;135;215;95;48;2;28;28;28m'1']8;;\[0;38;2;147;205;255;48;2;28;28;28m)]8;;\[0;38;2;208;208;208;48;2;28;28;28m                                         
]8;;\[0m    ]8;;\[0;38;2;143;165;209;48;2;28;28;28m38 ]8;;\[0;38;2;208;208;208;48;2;28;28;28m    t]8;;\[0;38;2;147;205;255;48;2;28;28;28m.]8;;\[0;38;2;208;208;208;48;2;28;28;28mend]8;;\[0;38;2;147;205;255;48;2;28;28;28m()]8;;\[0;38;2;208;208;208;48;2;28;28;28m                                                          
]8;;\[0m    ]8;;\[0;38;2;143;165;209;48;2;28;28;28m39 ]8;;\[0;38;2;208;208;208;48;2;28;28;28m  ]8;;\[0;38;2;147;205;255;48;2;28;28;28m})]8;;\[0;38;2;208;208;208;48;2;28;28;28m                                                                 
]8;;\[0m    ]8;;\[0;38;2;255;229;241;48;2;172;62;163m--- expected   
]8;;\[0m    ]8;;\[0;38;2;242;255;229;48;2;58;117;0m+++ actual     
]8;;\[0m    ]8;;\[0;38;2;117;158;239;48;2;34;34;34;1m@@ -1,1 +1,1 @@
]8;;\[0m    ]8;;\[0;38;2;255;229;241;48;2;172;62;163m-2             
]8;;\[0m    ]8;;\[0;38;2;242;255;229;48;2;58;117;0m+11            
]8;;\[0m    ]8;;\[0;2mcompare: ===
]8;;\[0m    ]8;;\[0;2mTest.<anonymous> (]8;;\[0;38;2;255;255;0mtest/tap.test.js]8;;\[0;2m:35:7)
]8;;\[0m    ]8;;\[0;2mTest.<anonymous> (]8;;\[0;38;2;255;255;0mtest/tap.test.js]8;;\[0;2m:31:5)
]8;;\[0m    ]8;;\[0;38;2;255;255;0mtest/tap.test.js]8;;\[0;2m:23:3

]8;;\[0m ]8;;\[0;38;2;255;0;0;1m✖]8;;\[0m suite of tests that fail > failer > should be equal
    ]8;;\[0;48;2;28;28;28;2mtest/tap.test.js                                                        
]8;;\[0m    ]8;;\[0;38;2;143;165;209;48;2;28;28;28m34 ]8;;\[0;38;2;208;208;208;48;2;28;28;28m    ]8;;\[0;38;2;215;95;255;48;2;28;28;28;3m// expect to convert string numbers to Number, but doesn't]8;;\[0;38;2;208;208;208;48;2;28;28;28m       
]8;;\[0m    ]8;;\[0;38;2;143;165;209;48;2;28;28;28m35 ]8;;\[0;38;2;208;208;208;48;2;28;28;28m    t]8;;\[0;38;2;147;205;255;48;2;28;28;28m.]8;;\[0;38;2;208;208;208;48;2;28;28;28mequal]8;;\[0;38;2;147;205;255;48;2;28;28;28m(]8;;\[0;38;2;208;208;208;48;2;28;28;28mfailer]8;;\[0;38;2;147;205;255;48;2;28;28;28m(]8;;\[0;38;2;135;215;95;48;2;28;28;28m'1']8;;\[0;38;2;147;205;255;48;2;28;28;28m),]8;;\[0;38;2;208;208;208;48;2;28;28;28m ]8;;\[0;38;2;135;215;95;48;2;28;28;28m'2']8;;\[0;38;2;147;205;255;48;2;28;28;28m)]8;;\[0;38;2;208;208;208;48;2;28;28;28m                                        
]8;;\[0m    ]8;;\[0;38;2;143;165;209;48;2;28;28;28m36 ]8;;\[0;38;2;208;208;208;48;2;28;28;28m    ]8;;\[0;38;2;215;95;255;48;2;28;28;28;3m// expect to convert non-numerics to 0, but it doesn't]8;;\[0;38;2;208;208;208;48;2;28;28;28m           
]8;;\[0m    ]8;;\[0;38;2;143;165;209;48;2;28;28;28m37 ]8;;\[0;38;2;208;208;208;48;2;28;28;28m    t]8;;\[0;38;2;147;205;255;48;2;28;28;28m.]8;;\[0;38;2;208;208;208;48;2;28;28;28mequal]8;;\[0;38;2;147;205;255;48;2;28;28;28m(]8;;\[0;38;2;208;208;208;48;2;28;28;28mfailer]8;;\[0;38;2;147;205;255;48;2;28;28;28m({}),]8;;\[0;38;2;208;208;208;48;2;28;28;28m ]8;;\[0;38;2;135;215;95;48;2;28;28;28m'1']8;;\[0;38;2;147;205;255;48;2;28;28;28m)]8;;\[0;38;2;208;208;208;48;2;28;28;28m                                         
]8;;\[0m    ]8;;\[0;38;2;255;0;0;48;2;28;28;28m━━━━━━━━━]8;;\[0;38;2;255;0;0;48;2;28;28;28;1m┛]8;;\[0;38;2;255;0;0;48;2;28;28;28m                                                              
]8;;\[0m    ]8;;\[0;38;2;143;165;209;48;2;28;28;28m38 ]8;;\[0;38;2;208;208;208;48;2;28;28;28m    t]8;;\[0;38;2;147;205;255;48;2;28;28;28m.]8;;\[0;38;2;208;208;208;48;2;28;28;28mend]8;;\[0;38;2;147;205;255;48;2;28;28;28m()]8;;\[0;38;2;208;208;208;48;2;28;28;28m                                                          
]8;;\[0m    ]8;;\[0;38;2;143;165;209;48;2;28;28;28m39 ]8;;\[0;38;2;208;208;208;48;2;28;28;28m  ]8;;\[0;38;2;147;205;255;48;2;28;28;28m})]8;;\[0;38;2;208;208;208;48;2;28;28;28m                                                                 
]8;;\[0m    ]8;;\[0;38;2;143;165;209;48;2;28;28;28m40 ]8;;\[0;38;2;208;208;208;48;2;28;28;28m                                                                     
]8;;\[0m    ]8;;\[0;38;2;143;165;209;48;2;28;28;28m41 ]8;;\[0;38;2;208;208;208;48;2;28;28;28m  t]8;;\[0;38;2;147;205;255;48;2;28;28;28m.]8;;\[0;38;2;208;208;208;48;2;28;28;28mend]8;;\[0;38;2;147;205;255;48;2;28;28;28m()]8;;\[0;38;2;208;208;208;48;2;28;28;28m                                                            
]8;;\[0m    ]8;;\[0;38;2;255;229;241;48;2;172;62;163m--- expected     
]8;;\[0m    ]8;;\[0;38;2;242;255;229;48;2;58;117;0m+++ actual       
]8;;\[0m    ]8;;\[0;38;2;117;158;239;48;2;34;34;34;1m@@ -1,1 +1,1 @@]8;;\[0;38;2;229;153;255;48;2;34;34;34;1m  
]8;;\[0m    ]8;;\[0;38;2;255;229;241;48;2;172;62;163m-1               
]8;;\[0m    ]8;;\[0;38;2;242;255;229;48;2;58;117;0m+[object Object]1
]8;;\[0m    ]8;;\[0;2mcompare: ===
]8;;\[0m    ]8;;\[0;2mTest.<anonymous> (]8;;\[0;38;2;255;255;0mtest/tap.test.js]8;;\[0;2m:37:7)
]8;;\[0m    ]8;;\[0;2mTest.<anonymous> (]8;;\[0;38;2;255;255;0mtest/tap.test.js]8;;\[0;2m:31:5)
]8;;\[0m    ]8;;\[0;38;2;255;255;0mtest/tap.test.js]8;;\[0;2m:23:3

]8;;\[0;1mAsserts:]8;;\[0m  ]8;;\[0;38;2;0;160;0m17 pass]8;;\[0m  ]8;;\[0;38;2;255;0;0;1m5 fail]8;;\[0m  ]8;;\[0;2m22 of 22 complete
]8;;\[0;1mSuites:]8;;\[0m    ]8;;\[0;38;2;0;160;0m0 pass]8;;\[0m  ]8;;\[0;38;2;255;0;0;1m2 fail]8;;\[0m    ]8;;\[0;2m2 of 2 complete

# { total: 22, pass: 17, fail: 5 }
# time=512.423ms

]8;;\[0m│]8;;\[0;38;2;224;0;224;48;2;0;0;0mtapjs/node-test-example]8;;\[0;38;2;0;0;0;48;2;0;0;0m#]8;;\[0;38;2;224;0;224;48;2;0;0;0mmain]8;;\[0m ]8;;\[0;38;2;224;224;224;48;2;0;64;224mmoxy.lan]8;;\[0m:~/dev/tapjs/node-test-example ]8;;\[0;38;2;0;160;0mnode@20.7.0]8;;\[0m ]8;;\[0;38;2;255;0;0;48;2;0;0;0mc69f2c0a
]8;;\[0;38;2;0;176;176;48;2;0;0;0m@tapjs/node-test-example@1.0.0]8;;\[0m 
$ 
exit

Script done on Wed Oct  4 15:31:47 2023[m