
        49m     40m     41m     42m     43m     44m     45m     46m     47m    100m    101m    102m    103m    104m    105m    106m    107m
   m  [m[49m  [2m#[22m#[1m#[22m  [0m [m[40m  [2m#[22m#[1m#[22m  [0m [m[41m  [2m#[22m#[1m#[22m  [0m [m[42m  [2m#[22m#[1m#[22m  [0m [m[43m  [2m#[22m#[1m#[22m  [0m [m[44m  [2m#[22m#[1m#[22m  [0m [m[45m  [2m#[22m#[1m#[22m  [0m [m[46m  [2m#[22m#[1m#[22m  [0m [m[47m  [2m#[22m#[1m#[22m  [0m [m[100m  [2m#[22m#[1m#[22m  [0m [m[101m  [2m#[22m#[1m#[22m  [0m [m[102m  [2m#[22m#[1m#[22m  [0m [m[103m  [2m#[22m#[1m#[22m  [0m [m[104m  [2m#[22m#[1m#[22m  [0m [m[105m  [2m#[22m#[1m#[22m  [0m [m[106m  [2m#[22m#[1m#[22m  [0m [m[107m  [2m#[22m#[1m#[22m  [0m
 30m  [30m[49m  [2m#[22m#[1m#[22m  [0m [30m[40m  [2m#[22m#[1m#[22m  [0m [30m[41m  [2m#[22m#[1m#[22m  [0m [30m[42m  [2m#[22m#[1m#[22m  [0m [30m[43m  [2m#[22m#[1m#[22m  [0m [30m[44m  [2m#[22m#[1m#[22m  [0m [30m[45m  [2m#[22m#[1m#[22m  [0m [30m[46m  [2m#[22m#[1m#[22m  [0m [30m[47m  [2m#[22m#[1m#[22m  [0m [30m[100m  [2m#[22m#[1m#[22m  [0m [30m[101m  [2m#[22m#[1m#[22m  [0m [30m[102m  [2m#[22m#[1m#[22m  [0m [30m[103m  [2m#[22m#[1m#[22m  [0m [30m[104m  [2m#[22m#[1m#[22m  [0m [30m[105m  [2m#[22m#[1m#[22m  [0m [30m[106m  [2m#[22m#[1m#[22m  [0m [30m[107m  [2m#[22m#[1m#[22m  [0m
 31m  [31m[49m  [2m#[22m#[1m#[22m  [0m [31m[40m  [2m#[22m#[1m#[22m  [0m [31m[41m  [2m#[22m#[1m#[22m  [0m [31m[42m  [2m#[22m#[1m#[22m  [0m [31m[43m  [2m#[22m#[1m#[22m  [0m [31m[44m  [2m#[22m#[1m#[22m  [0m [31m[45m  [2m#[22m#[1m#[22m  [0m [31m[46m  [2m#[22m#[1m#[22m  [0m [31m[47m  [2m#[22m#[1m#[22m  [0m [31m[100m  [2m#[22m#[1m#[22m  [0m [31m[101m  [2m#[22m#[1m#[22m  [0m [31m[102m  [2m#[22m#[1m#[22m  [0m [31m[103m  [2m#[22m#[1m#[22m  [0m [31m[104m  [2m#[22m#[1m#[22m  [0m [31m[105m  [2m#[22m#[1m#[22m  [0m [31m[106m  [2m#[22m#[1m#[22m  [0m [31m[107m  [2m#[22m#[1m#[22m  [0m
 32m  [32m[49m  [2m#[22m#[1m#[22m  [0m [32m[40m  [2m#[22m#[1m#[22m  [0m [32m[41m  [2m#[22m#[1m#[22m  [0m [32m[42m  [2m#[22m#[1m#[22m  [0m [32m[43m  [2m#[22m#[1m#[22m  [0m [32m[44m  [2m#[22m#[1m#[22m  [0m [32m[45m  [2m#[22m#[1m#[22m  [0m [32m[46m  [2m#[22m#[1m#[22m  [0m [32m[47m  [2m#[22m#[1m#[22m  [0m [32m[100m  [2m#[22m#[1m#[22m  [0m [32m[101m  [2m#[22m#[1m#[22m  [0m [32m[102m  [2m#[22m#[1m#[22m  [0m [32m[103m  [2m#[22m#[1m#[22m  [0m [32m[104m  [2m#[22m#[1m#[22m  [0m [32m[105m  [2m#[22m#[1m#[22m  [0m [32m[106m  [2m#[22m#[1m#[22m  [0m [32m[107m  [2m#[22m#[1m#[22m  [0m
 33m  [33m[49m  [2m#[22m#[1m#[22m  [0m [33m[40m  [2m#[22m#[1m#[22m  [0m [33m[41m  [2m#[22m#[1m#[22m  [0m [33m[42m  [2m#[22m#[1m#[22m  [0m [33m[43m  [2m#[22m#[1m#[22m  [0m [33m[44m  [2m#[22m#[1m#[22m  [0m [33m[45m  [2m#[22m#[1m#[22m  [0m [33m[46m  [2m#[22m#[1m#[22m  [0m [33m[47m  [2m#[22m#[1m#[22m  [0m [33m[100m  [2m#[22m#[1m#[22m  [0m [33m[101m  [2m#[22m#[1m#[22m  [0m [33m[102m  [2m#[22m#[1m#[22m  [0m [33m[103m  [2m#[22m#[1m#[22m  [0m [33m[104m  [2m#[22m#[1m#[22m  [0m [33m[105m  [2m#[22m#[1m#[22m  [0m [33m[106m  [2m#[22m#[1m#[22m  [0m [33m[107m  [2m#[22m#[1m#[22m  [0m
 34m  [34m[49m  [2m#[22m#[1m#[22m  [0m [34m[40m  [2m#[22m#[1m#[22m  [0m [34m[41m  [2m#[22m#[1m#[22m  [0m [34m[42m  [2m#[22m#[1m#[22m  [0m [34m[43m  [2m#[22m#[1m#[22m  [0m [34m[44m  [2m#[22m#[1m#[22m  [0m [34m[45m  [2m#[22m#[1m#[22m  [0m [34m[46m  [2m#[22m#[1m#[22m  [0m [34m[47m  [2m#[22m#[1m#[22m  [0m [34m[100m  [2m#[22m#[1m#[22m  [0m [34m[101m  [2m#[22m#[1m#[22m  [0m [34m[102m  [2m#[22m#[1m#[22m  [0m [34m[103m  [2m#[22m#[1m#[22m  [0m [34m[104m  [2m#[22m#[1m#[22m  [0m [34m[105m  [2m#[22m#[1m#[22m  [0m [34m[106m  [2m#[22m#[1m#[22m  [0m [34m[107m  [2m#[22m#[1m#[22m  [0m
 35m  [35m[49m  [2m#[22m#[1m#[22m  [0m [35m[40m  [2m#[22m#[1m#[22m  [0m [35m[41m  [2m#[22m#[1m#[22m  [0m [35m[42m  [2m#[22m#[1m#[22m  [0m [35m[43m  [2m#[22m#[1m#[22m  [0m [35m[44m  [2m#[22m#[1m#[22m  [0m [35m[45m  [2m#[22m#[1m#[22m  [0m [35m[46m  [2m#[22m#[1m#[22m  [0m [35m[47m  [2m#[22m#[1m#[22m  [0m [35m[100m  [2m#[22m#[1m#[22m  [0m [35m[101m  [2m#[22m#[1m#[22m  [0m [35m[102m  [2m#[22m#[1m#[22m  [0m [35m[103m  [2m#[22m#[1m#[22m  [0m [35m[104m  [2m#[22m#[1m#[22m  [0m [35m[105m  [2m#[22m#[1m#[22m  [0m [35m[106m  [2m#[22m#[1m#[22m  [0m [35m[107m  [2m#[22m#[1m#[22m  [0m
 36m  [36m[49m  [2m#[22m#[1m#[22m  [0m [36m[40m  [2m#[22m#[1m#[22m  [0m [36m[41m  [2m#[22m#[1m#[22m  [0m [36m[42m  [2m#[22m#[1m#[22m  [0m [36m[43m  [2m#[22m#[1m#[22m  [0m [36m[44m  [2m#[22m#[1m#[22m  [0m [36m[45m  [2m#[22m#[1m#[22m  [0m [36m[46m  [2m#[22m#[1m#[22m  [0m [36m[47m  [2m#[22m#[1m#[22m  [0m [36m[100m  [2m#[22m#[1m#[22m  [0m [36m[101m  [2m#[22m#[1m#[22m  [0m [36m[102m  [2m#[22m#[1m#[22m  [0m [36m[103m  [2m#[22m#[1m#[22m  [0m [36m[104m  [2m#[22m#[1m#[22m  [0m [36m[105m  [2m#[22m#[1m#[22m  [0m [36m[106m  [2m#[22m#[1m#[22m  [0m [36m[107m  [2m#[22m#[1m#[22m  [0m
 37m  [37m[49m  [2m#[22m#[1m#[22m  [0m [37m[40m  [2m#[22m#[1m#[22m  [0m [37m[41m  [2m#[22m#[1m#[22m  [0m [37m[42m  [2m#[22m#[1m#[22m  [0m [37m[43m  [2m#[22m#[1m#[22m  [0m [37m[44m  [2m#[22m#[1m#[22m  [0m [37m[45m  [2m#[22m#[1m#[22m  [0m [37m[46m  [2m#[22m#[1m#[22m  [0m [37m[47m  [2m#[22m#[1m#[22m  [0m [37m[100m  [2m#[22m#[1m#[22m  [0m [37m[101m  [2m#[22m#[1m#[22m  [0m [37m[102m  [2m#[22m#[1m#[22m  [0m [37m[103m  [2m#[22m#[1m#[22m  [0m [37m[104m  [2m#[22m#[1m#[22m  [0m [37m[105m  [2m#[22m#[1m#[22m  [0m [37m[106m  [2m#[22m#[1m#[22m  [0m [37m[107m  [2m#[22m#[1m#[22m  [0m
 90m  [90m[49m  [2m#[22m#[1m#[22m  [0m [90m[40m  [2m#[22m#[1m#[22m  [0m [90m[41m  [2m#[22m#[1m#[22m  [0m [90m[42m  [2m#[22m#[1m#[22m  [0m [90m[43m  [2m#[22m#[1m#[22m  [0m [90m[44m  [2m#[22m#[1m#[22m  [0m [90m[45m  [2m#[22m#[1m#[22m  [0m [90m[46m  [2m#[22m#[1m#[22m  [0m [90m[47m  [2m#[22m#[1m#[22m  [0m [90m[100m  [2m#[22m#[1m#[22m  [0m [90m[101m  [2m#[22m#[1m#[22m  [0m [90m[102m  [2m#[22m#[1m#[22m  [0m [90m[103m  [2m#[22m#[1m#[22m  [0m [90m[104m  [2m#[22m#[1m#[22m  [0m [90m[105m  [2m#[22m#[1m#[22m  [0m [90m[106m  [2m#[22m#[1m#[22m  [0m [90m[107m  [2m#[22m#[1m#[22m  [0m
 91m  [91m[49m  [2m#[22m#[1m#[22m  [0m [91m[40m  [2m#[22m#[1m#[22m  [0m [91m[41m  [2m#[22m#[1m#[22m  [0m [91m[42m  [2m#[22m#[1m#[22m  [0m [91m[43m  [2m#[22m#[1m#[22m  [0m [91m[44m  [2m#[22m#[1m#[22m  [0m [91m[45m  [2m#[22m#[1m#[22m  [0m [91m[46m  [2m#[22m#[1m#[22m  [0m [91m[47m  [2m#[22m#[1m#[22m  [0m [91m[100m  [2m#[22m#[1m#[22m  [0m [91m[101m  [2m#[22m#[1m#[22m  [0m [91m[102m  [2m#[22m#[1m#[22m  [0m [91m[103m  [2m#[22m#[1m#[22m  [0m [91m[104m  [2m#[22m#[1m#[22m  [0m [91m[105m  [2m#[22m#[1m#[22m  [0m [91m[106m  [2m#[22m#[1m#[22m  [0m [91m[107m  [2m#[22m#[1m#[22m  [0m
 92m  [92m[49m  [2m#[22m#[1m#[22m  [0m [92m[40m  [2m#[22m#[1m#[22m  [0m [92m[41m  [2m#[22m#[1m#[22m  [0m [92m[42m  [2m#[22m#[1m#[22m  [0m [92m[43m  [2m#[22m#[1m#[22m  [0m [92m[44m  [2m#[22m#[1m#[22m  [0m [92m[45m  [2m#[22m#[1m#[22m  [0m [92m[46m  [2m#[22m#[1m#[22m  [0m [92m[47m  [2m#[22m#[1m#[22m  [0m [92m[100m  [2m#[22m#[1m#[22m  [0m [92m[101m  [2m#[22m#[1m#[22m  [0m [92m[102m  [2m#[22m#[1m#[22m  [0m [92m[103m  [2m#[22m#[1m#[22m  [0m [92m[104m  [2m#[22m#[1m#[22m  [0m [92m[105m  [2m#[22m#[1m#[22m  [0m [92m[106m  [2m#[22m#[1m#[22m  [0m [92m[107m  [2m#[22m#[1m#[22m  [0m
 93m  [93m[49m  [2m#[22m#[1m#[22m  [0m [93m[40m  [2m#[22m#[1m#[22m  [0m [93m[41m  [2m#[22m#[1m#[22m  [0m [93m[42m  [2m#[22m#[1m#[22m  [0m [93m[43m  [2m#[22m#[1m#[22m  [0m [93m[44m  [2m#[22m#[1m#[22m  [0m [93m[45m  [2m#[22m#[1m#[22m  [0m [93m[46m  [2m#[22m#[1m#[22m  [0m [93m[47m  [2m#[22m#[1m#[22m  [0m [93m[100m  [2m#[22m#[1m#[22m  [0m [93m[101m  [2m#[22m#[1m#[22m  [0m [93m[102m  [2m#[22m#[1m#[22m  [0m [93m[103m  [2m#[22m#[1m#[22m  [0m [93m[104m  [2m#[22m#[1m#[22m  [0m [93m[105m  [2m#[22m#[1m#[22m  [0m [93m[106m  [2m#[22m#[1m#[22m  [0m [93m[107m  [2m#[22m#[1m#[22m  [0m
 94m  [94m[49m  [2m#[22m#[1m#[22m  [0m [94m[40m  [2m#[22m#[1m#[22m  [0m [94m[41m  [2m#[22m#[1m#[22m  [0m [94m[42m  [2m#[22m#[1m#[22m  [0m [94m[43m  [2m#[22m#[1m#[22m  [0m [94m[44m  [2m#[22m#[1m#[22m  [0m [94m[45m  [2m#[22m#[1m#[22m  [0m [94m[46m  [2m#[22m#[1m#[22m  [0m [94m[47m  [2m#[22m#[1m#[22m  [0m [94m[100m  [2m#[22m#[1m#[22m  [0m [94m[101m  [2m#[22m#[1m#[22m  [0m [94m[102m  [2m#[22m#[1m#[22m  [0m [94m[103m  [2m#[22m#[1m#[22m  [0m [94m[104m  [2m#[22m#[1m#[22m  [0m [94m[105m  [2m#[22m#[1m#[22m  [0m [94m[106m  [2m#[22m#[1m#[22m  [0m [94m[107m  [2m#[22m#[1m#[22m  [0m
 95m  [95m[49m  [2m#[22m#[1m#[22m  [0m [95m[40m  [2m#[22m#[1m#[22m  [0m [95m[41m  [2m#[22m#[1m#[22m  [0m [95m[42m  [2m#[22m#[1m#[22m  [0m [95m[43m  [2m#[22m#[1m#[22m  [0m [95m[44m  [2m#[22m#[1m#[22m  [0m [95m[45m  [2m#[22m#[1m#[22m  [0m [95m[46m  [2m#[22m#[1m#[22m  [0m [95m[47m  [2m#[22m#[1m#[22m  [0m [95m[100m  [2m#[22m#[1m#[22m  [0m [95m[101m  [2m#[22m#[1m#[22m  [0m [95m[102m  [2m#[22m#[1m#[22m  [0m [95m[103m  [2m#[22m#[1m#[22m  [0m [95m[104m  [2m#[22m#[1m#[22m  [0m [95m[105m  [2m#[22m#[1m#[22m  [0m [95m[106m  [2m#[22m#[1m#[22m  [0m [95m[107m  [2m#[22m#[1m#[22m  [0m
 96m  [96m[49m  [2m#[22m#[1m#[22m  [0m [96m[40m  [2m#[22m#[1m#[22m  [0m [96m[41m  [2m#[22m#[1m#[22m  [0m [96m[42m  [2m#[22m#[1m#[22m  [0m [96m[43m  [2m#[22m#[1m#[22m  [0m [96m[44m  [2m#[22m#[1m#[22m  [0m [96m[45m  [2m#[22m#[1m#[22m  [0m [96m[46m  [2m#[22m#[1m#[22m  [0m [96m[47m  [2m#[22m#[1m#[22m  [0m [96m[100m  [2m#[22m#[1m#[22m  [0m [96m[101m  [2m#[22m#[1m#[22m  [0m [96m[102m  [2m#[22m#[1m#[22m  [0m [96m[103m  [2m#[22m#[1m#[22m  [0m [96m[104m  [2m#[22m#[1m#[22m  [0m [96m[105m  [2m#[22m#[1m#[22m  [0m [96m[106m  [2m#[22m#[1m#[22m  [0m [96m[107m  [2m#[22m#[1m#[22m  [0m
 97m  [97m[49m  [2m#[22m#[1m#[22m  [0m [97m[40m  [2m#[22m#[1m#[22m  [0m [97m[41m  [2m#[22m#[1m#[22m  [0m [97m[42m  [2m#[22m#[1m#[22m  [0m [97m[43m  [2m#[22m#[1m#[22m  [0m [97m[44m  [2m#[22m#[1m#[22m  [0m [97m[45m  [2m#[22m#[1m#[22m  [0m [97m[46m  [2m#[22m#[1m#[22m  [0m [97m[47m  [2m#[22m#[1m#[22m  [0m [97m[100m  [2m#[22m#[1m#[22m  [0m [97m[101m  [2m#[22m#[1m#[22m  [0m [97m[102m  [2m#[22m#[1m#[22m  [0m [97m[103m  [2m#[22m#[1m#[22m  [0m [97m[104m  [2m#[22m#[1m#[22m  [0m [97m[105m  [2m#[22m#[1m#[22m  [0m [97m[106m  [2m#[22m#[1m#[22m  [0m [97m[107m  [2m#[22m#[1m#[22m  [0m
 dim  [;2m  dim  [m [30;2m  dim  [m [31;2m  dim  [m [32;2m  dim  [m [33;2m  dim  [m [34;2m  dim  [m [35;2m  dim  [m [36;2m  dim  [m [37;2m  dim  [m [90;2m  dim  [m [91;2m  dim  [m [92;2m  dim  [m [93;2m  dim  [m [94;2m  dim  [m [95;2m  dim  [m [96;2m  dim  [m [97;2m  dim  [m 
[1m[48;5;16;38;5;145m  16 [0m[48;2;0;0;0;38;5;16m#000000[m[1m[48;5;17;38;5;146m  17 [0m[48;2;0;0;95;38;5;17m#00005f[m[1m[48;5;18;38;5;147m  18 [0m[48;2;0;0;135;38;5;18m#000087[m[1m[48;5;19;38;5;142m  19 [0m[48;2;0;0;175;38;5;19m#0000af[m[1m[48;5;20;38;5;143m  20 [0m[48;2;0;0;215;38;5;20m#0000d7[m[1m[48;5;21;38;5;144m  21 [0m[48;2;0;0;255;38;5;21m#0000ff[m
[1m[48;5;22;38;5;151m  22 [0m[48;2;0;95;0;38;5;22m#005f00[m[1m[48;5;23;38;5;152m  23 [0m[48;2;0;95;95;38;5;23m#005f5f[m[1m[48;5;24;38;5;153m  24 [0m[48;2;0;95;135;38;5;24m#005f87[m[1m[48;5;25;38;5;148m  25 [0m[48;2;0;95;175;38;5;25m#005faf[m[1m[48;5;26;38;5;149m  26 [0m[48;2;0;95;215;38;5;26m#005fd7[m[1m[48;5;27;38;5;150m  27 [0m[48;2;0;95;255;38;5;27m#005fff[m
[1m[48;5;28;38;5;157m  28 [0m[48;2;0;135;0;38;5;28m#008700[m[1m[48;5;29;38;5;158m  29 [0m[48;2;0;135;95;38;5;29m#00875f[m[1m[48;5;30;38;5;159m  30 [0m[48;2;0;135;135;38;5;30m#008787[m[1m[48;5;31;38;5;154m  31 [0m[48;2;0;135;175;38;5;31m#0087af[m[1m[48;5;32;38;5;155m  32 [0m[48;2;0;135;215;38;5;32m#0087d7[m[1m[48;5;33;38;5;156m  33 [0m[48;2;0;135;255;38;5;33m#0087ff[m
[1m[48;5;34;38;5;127m  34 [0m[48;2;0;175;0;38;5;34m#00af00[m[1m[48;5;35;38;5;128m  35 [0m[48;2;0;175;95;38;5;35m#00af5f[m[1m[48;5;36;38;5;129m  36 [0m[48;2;0;175;135;38;5;36m#00af87[m[1m[48;5;37;38;5;124m  37 [0m[48;2;0;175;175;38;5;37m#00afaf[m[1m[48;5;38;38;5;125m  38 [0m[48;2;0;175;215;38;5;38m#00afd7[m[1m[48;5;39;38;5;126m  39 [0m[48;2;0;175;255;38;5;39m#00afff[m
[1m[48;5;40;38;5;133m  40 [0m[48;2;0;215;0;38;5;40m#00d700[m[1m[48;5;41;38;5;134m  41 [0m[48;2;0;215;95;38;5;41m#00d75f[m[1m[48;5;42;38;5;135m  42 [0m[48;2;0;215;135;38;5;42m#00d787[m[1m[48;5;43;38;5;130m  43 [0m[48;2;0;215;175;38;5;43m#00d7af[m[1m[48;5;44;38;5;131m  44 [0m[48;2;0;215;215;38;5;44m#00d7d7[m[1m[48;5;45;38;5;132m  45 [0m[48;2;0;215;255;38;5;45m#00d7ff[m
[1m[48;5;46;38;5;139m  46 [0m[48;2;0;255;0;38;5;46m#00ff00[m[1m[48;5;47;38;5;140m  47 [0m[48;2;0;255;95;38;5;47m#00ff5f[m[1m[48;5;48;38;5;141m  48 [0m[48;2;0;255;135;38;5;48m#00ff87[m[1m[48;5;49;38;5;136m  49 [0m[48;2;0;255;175;38;5;49m#00ffaf[m[1m[48;5;50;38;5;137m  50 [0m[48;2;0;255;215;38;5;50m#00ffd7[m[1m[48;5;51;38;5;138m  51 [0m[48;2;0;255;255;38;5;51m#00ffff[m
[1m[48;5;52;38;5;181m  52 [0m[48;2;95;0;0;38;5;52m#5f0000[m[1m[48;5;53;38;5;182m  53 [0m[48;2;95;0;95;38;5;53m#5f005f[m[1m[48;5;54;38;5;183m  54 [0m[48;2;95;0;135;38;5;54m#5f0087[m[1m[48;5;55;38;5;178m  55 [0m[48;2;95;0;175;38;5;55m#5f00af[m[1m[48;5;56;38;5;179m  56 [0m[48;2;95;0;215;38;5;56m#5f00d7[m[1m[48;5;57;38;5;180m  57 [0m[48;2;95;0;255;38;5;57m#5f00ff[m
[1m[48;5;58;38;5;187m  58 [0m[48;2;95;95;0;38;5;58m#5f5f00[m[1m[48;5;59;38;5;188m  59 [0m[48;2;95;95;95;38;5;59m#5f5f5f[m[1m[48;5;60;38;5;189m  60 [0m[48;2;95;95;135;38;5;60m#5f5f87[m[1m[48;5;61;38;5;184m  61 [0m[48;2;95;95;175;38;5;61m#5f5faf[m[1m[48;5;62;38;5;185m  62 [0m[48;2;95;95;215;38;5;62m#5f5fd7[m[1m[48;5;63;38;5;186m  63 [0m[48;2;95;95;255;38;5;63m#5f5fff[m
[1m[48;5;64;38;5;193m  64 [0m[48;2;95;135;0;38;5;64m#5f8700[m[1m[48;5;65;38;5;194m  65 [0m[48;2;95;135;95;38;5;65m#5f875f[m[1m[48;5;66;38;5;195m  66 [0m[48;2;95;135;135;38;5;66m#5f8787[m[1m[48;5;67;38;5;190m  67 [0m[48;2;95;135;175;38;5;67m#5f87af[m[1m[48;5;68;38;5;191m  68 [0m[48;2;95;135;215;38;5;68m#5f87d7[m[1m[48;5;69;38;5;192m  69 [0m[48;2;95;135;255;38;5;69m#5f87ff[m
[1m[48;5;70;38;5;163m  70 [0m[48;2;95;175;0;38;5;70m#5faf00[m[1m[48;5;71;38;5;164m  71 [0m[48;2;95;175;95;38;5;71m#5faf5f[m[1m[48;5;72;38;5;165m  72 [0m[48;2;95;175;135;38;5;72m#5faf87[m[1m[48;5;73;38;5;160m  73 [0m[48;2;95;175;175;38;5;73m#5fafaf[m[1m[48;5;74;38;5;161m  74 [0m[48;2;95;175;215;38;5;74m#5fafd7[m[1m[48;5;75;38;5;162m  75 [0m[48;2;95;175;255;38;5;75m#5fafff[m
[1m[48;5;76;38;5;169m  76 [0m[48;2;95;215;0;38;5;76m#5fd700[m[1m[48;5;77;38;5;170m  77 [0m[48;2;95;215;95;38;5;77m#5fd75f[m[1m[48;5;78;38;5;171m  78 [0m[48;2;95;215;135;38;5;78m#5fd787[m[1m[48;5;79;38;5;166m  79 [0m[48;2;95;215;175;38;5;79m#5fd7af[m[1m[48;5;80;38;5;167m  80 [0m[48;2;95;215;215;38;5;80m#5fd7d7[m[1m[48;5;81;38;5;168m  81 [0m[48;2;95;215;255;38;5;81m#5fd7ff[m
[1m[48;5;82;38;5;175m  82 [0m[48;2;95;255;0;38;5;82m#5fff00[m[1m[48;5;83;38;5;176m  83 [0m[48;2;95;255;95;38;5;83m#5fff5f[m[1m[48;5;84;38;5;177m  84 [0m[48;2;95;255;135;38;5;84m#5fff87[m[1m[48;5;85;38;5;172m  85 [0m[48;2;95;255;175;38;5;85m#5fffaf[m[1m[48;5;86;38;5;173m  86 [0m[48;2;95;255;215;38;5;86m#5fffd7[m[1m[48;5;87;38;5;174m  87 [0m[48;2;95;255;255;38;5;87m#5fffff[m
[1m[48;5;88;38;5;217m  88 [0m[48;2;135;0;0;38;5;88m#870000[m[1m[48;5;89;38;5;218m  89 [0m[48;2;135;0;95;38;5;89m#87005f[m[1m[48;5;90;38;5;219m  90 [0m[48;2;135;0;135;38;5;90m#870087[m[1m[48;5;91;38;5;214m  91 [0m[48;2;135;0;175;38;5;91m#8700af[m[1m[48;5;92;38;5;215m  92 [0m[48;2;135;0;215;38;5;92m#8700d7[m[1m[48;5;93;38;5;216m  93 [0m[48;2;135;0;255;38;5;93m#8700ff[m
[1m[48;5;94;38;5;223m  94 [0m[48;2;135;95;0;38;5;94m#875f00[m[1m[48;5;95;38;5;224m  95 [0m[48;2;135;95;95;38;5;95m#875f5f[m[1m[48;5;96;38;5;225m  96 [0m[48;2;135;95;135;38;5;96m#875f87[m[1m[48;5;97;38;5;220m  97 [0m[48;2;135;95;175;38;5;97m#875faf[m[1m[48;5;98;38;5;221m  98 [0m[48;2;135;95;215;38;5;98m#875fd7[m[1m[48;5;99;38;5;222m  99 [0m[48;2;135;95;255;38;5;99m#875fff[m
[1m[48;5;100;38;5;229m 100 [0m[48;2;135;135;0;38;5;100m#878700[m[1m[48;5;101;38;5;230m 101 [0m[48;2;135;135;95;38;5;101m#87875f[m[1m[48;5;102;38;5;231m 102 [0m[48;2;135;135;135;38;5;102m#878787[m[1m[48;5;103;38;5;226m 103 [0m[48;2;135;135;175;38;5;103m#8787af[m[1m[48;5;104;38;5;227m 104 [0m[48;2;135;135;215;38;5;104m#8787d7[m[1m[48;5;105;38;5;228m 105 [0m[48;2;135;135;255;38;5;105m#8787ff[m
[1m[48;5;106;38;5;199m 106 [0m[48;2;135;175;0;38;5;106m#87af00[m[1m[48;5;107;38;5;200m 107 [0m[48;2;135;175;95;38;5;107m#87af5f[m[1m[48;5;108;38;5;201m 108 [0m[48;2;135;175;135;38;5;108m#87af87[m[1m[48;5;109;38;5;196m 109 [0m[48;2;135;175;175;38;5;109m#87afaf[m[1m[48;5;110;38;5;197m 110 [0m[48;2;135;175;215;38;5;110m#87afd7[m[1m[48;5;111;38;5;198m 111 [0m[48;2;135;175;255;38;5;111m#87afff[m
[1m[48;5;112;38;5;205m 112 [0m[48;2;135;215;0;38;5;112m#87d700[m[1m[48;5;113;38;5;206m 113 [0m[48;2;135;215;95;38;5;113m#87d75f[m[1m[48;5;114;38;5;207m 114 [0m[48;2;135;215;135;38;5;114m#87d787[m[1m[48;5;115;38;5;202m 115 [0m[48;2;135;215;175;38;5;115m#87d7af[m[1m[48;5;116;38;5;203m 116 [0m[48;2;135;215;215;38;5;116m#87d7d7[m[1m[48;5;117;38;5;204m 117 [0m[48;2;135;215;255;38;5;117m#87d7ff[m
[1m[48;5;118;38;5;211m 118 [0m[48;2;135;255;0;38;5;118m#87ff00[m[1m[48;5;119;38;5;212m 119 [0m[48;2;135;255;95;38;5;119m#87ff5f[m[1m[48;5;120;38;5;213m 120 [0m[48;2;135;255;135;38;5;120m#87ff87[m[1m[48;5;121;38;5;208m 121 [0m[48;2;135;255;175;38;5;121m#87ffaf[m[1m[48;5;122;38;5;209m 122 [0m[48;2;135;255;215;38;5;122m#87ffd7[m[1m[48;5;123;38;5;210m 123 [0m[48;2;135;255;255;38;5;123m#87ffff[m
[1m[48;5;124;38;5;37m 124 [0m[48;2;175;0;0;38;5;124m#af0000[m[1m[48;5;125;38;5;38m 125 [0m[48;2;175;0;95;38;5;125m#af005f[m[1m[48;5;126;38;5;39m 126 [0m[48;2;175;0;135;38;5;126m#af0087[m[1m[48;5;127;38;5;34m 127 [0m[48;2;175;0;175;38;5;127m#af00af[m[1m[48;5;128;38;5;35m 128 [0m[48;2;175;0;215;38;5;128m#af00d7[m[1m[48;5;129;38;5;36m 129 [0m[48;2;175;0;255;38;5;129m#af00ff[m
[1m[48;5;130;38;5;43m 130 [0m[48;2;175;95;0;38;5;130m#af5f00[m[1m[48;5;131;38;5;44m 131 [0m[48;2;175;95;95;38;5;131m#af5f5f[m[1m[48;5;132;38;5;45m 132 [0m[48;2;175;95;135;38;5;132m#af5f87[m[1m[48;5;133;38;5;40m 133 [0m[48;2;175;95;175;38;5;133m#af5faf[m[1m[48;5;134;38;5;41m 134 [0m[48;2;175;95;215;38;5;134m#af5fd7[m[1m[48;5;135;38;5;42m 135 [0m[48;2;175;95;255;38;5;135m#af5fff[m
[1m[48;5;136;38;5;49m 136 [0m[48;2;175;135;0;38;5;136m#af8700[m[1m[48;5;137;38;5;50m 137 [0m[48;2;175;135;95;38;5;137m#af875f[m[1m[48;5;138;38;5;51m 138 [0m[48;2;175;135;135;38;5;138m#af8787[m[1m[48;5;139;38;5;46m 139 [0m[48;2;175;135;175;38;5;139m#af87af[m[1m[48;5;140;38;5;47m 140 [0m[48;2;175;135;215;38;5;140m#af87d7[m[1m[48;5;141;38;5;48m 141 [0m[48;2;175;135;255;38;5;141m#af87ff[m
[1m[48;5;142;38;5;19m 142 [0m[48;2;175;175;0;38;5;142m#afaf00[m[1m[48;5;143;38;5;20m 143 [0m[48;2;175;175;95;38;5;143m#afaf5f[m[1m[48;5;144;38;5;21m 144 [0m[48;2;175;175;135;38;5;144m#afaf87[m[1m[48;5;145;38;5;16m 145 [0m[48;2;175;175;175;38;5;145m#afafaf[m[1m[48;5;146;38;5;17m 146 [0m[48;2;175;175;215;38;5;146m#afafd7[m[1m[48;5;147;38;5;18m 147 [0m[48;2;175;175;255;38;5;147m#afafff[m
[1m[48;5;148;38;5;25m 148 [0m[48;2;175;215;0;38;5;148m#afd700[m[1m[48;5;149;38;5;26m 149 [0m[48;2;175;215;95;38;5;149m#afd75f[m[1m[48;5;150;38;5;27m 150 [0m[48;2;175;215;135;38;5;150m#afd787[m[1m[48;5;151;38;5;22m 151 [0m[48;2;175;215;175;38;5;151m#afd7af[m[1m[48;5;152;38;5;23m 152 [0m[48;2;175;215;215;38;5;152m#afd7d7[m[1m[48;5;153;38;5;24m 153 [0m[48;2;175;215;255;38;5;153m#afd7ff[m
[1m[48;5;154;38;5;31m 154 [0m[48;2;175;255;0;38;5;154m#afff00[m[1m[48;5;155;38;5;32m 155 [0m[48;2;175;255;95;38;5;155m#afff5f[m[1m[48;5;156;38;5;33m 156 [0m[48;2;175;255;135;38;5;156m#afff87[m[1m[48;5;157;38;5;28m 157 [0m[48;2;175;255;175;38;5;157m#afffaf[m[1m[48;5;158;38;5;29m 158 [0m[48;2;175;255;215;38;5;158m#afffd7[m[1m[48;5;159;38;5;30m 159 [0m[48;2;175;255;255;38;5;159m#afffff[m
[1m[48;5;160;38;5;73m 160 [0m[48;2;215;0;0;38;5;160m#d70000[m[1m[48;5;161;38;5;74m 161 [0m[48;2;215;0;95;38;5;161m#d7005f[m[1m[48;5;162;38;5;75m 162 [0m[48;2;215;0;135;38;5;162m#d70087[m[1m[48;5;163;38;5;70m 163 [0m[48;2;215;0;175;38;5;163m#d700af[m[1m[48;5;164;38;5;71m 164 [0m[48;2;215;0;215;38;5;164m#d700d7[m[1m[48;5;165;38;5;72m 165 [0m[48;2;215;0;255;38;5;165m#d700ff[m
[1m[48;5;166;38;5;79m 166 [0m[48;2;215;95;0;38;5;166m#d75f00[m[1m[48;5;167;38;5;80m 167 [0m[48;2;215;95;95;38;5;167m#d75f5f[m[1m[48;5;168;38;5;81m 168 [0m[48;2;215;95;135;38;5;168m#d75f87[m[1m[48;5;169;38;5;76m 169 [0m[48;2;215;95;175;38;5;169m#d75faf[m[1m[48;5;170;38;5;77m 170 [0m[48;2;215;95;215;38;5;170m#d75fd7[m[1m[48;5;171;38;5;78m 171 [0m[48;2;215;95;255;38;5;171m#d75fff[m
[1m[48;5;172;38;5;85m 172 [0m[48;2;215;135;0;38;5;172m#d78700[m[1m[48;5;173;38;5;86m 173 [0m[48;2;215;135;95;38;5;173m#d7875f[m[1m[48;5;174;38;5;87m 174 [0m[48;2;215;135;135;38;5;174m#d78787[m[1m[48;5;175;38;5;82m 175 [0m[48;2;215;135;175;38;5;175m#d787af[m[1m[48;5;176;38;5;83m 176 [0m[48;2;215;135;215;38;5;176m#d787d7[m[1m[48;5;177;38;5;84m 177 [0m[48;2;215;135;255;38;5;177m#d787ff[m
[1m[48;5;178;38;5;55m 178 [0m[48;2;215;175;0;38;5;178m#d7af00[m[1m[48;5;179;38;5;56m 179 [0m[48;2;215;175;95;38;5;179m#d7af5f[m[1m[48;5;180;38;5;57m 180 [0m[48;2;215;175;135;38;5;180m#d7af87[m[1m[48;5;181;38;5;52m 181 [0m[48;2;215;175;175;38;5;181m#d7afaf[m[1m[48;5;182;38;5;53m 182 [0m[48;2;215;175;215;38;5;182m#d7afd7[m[1m[48;5;183;38;5;54m 183 [0m[48;2;215;175;255;38;5;183m#d7afff[m
[1m[48;5;184;38;5;61m 184 [0m[48;2;215;215;0;38;5;184m#d7d700[m[1m[48;5;185;38;5;62m 185 [0m[48;2;215;215;95;38;5;185m#d7d75f[m[1m[48;5;186;38;5;63m 186 [0m[48;2;215;215;135;38;5;186m#d7d787[m[1m[48;5;187;38;5;58m 187 [0m[48;2;215;215;175;38;5;187m#d7d7af[m[1m[48;5;188;38;5;59m 188 [0m[48;2;215;215;215;38;5;188m#d7d7d7[m[1m[48;5;189;38;5;60m 189 [0m[48;2;215;215;255;38;5;189m#d7d7ff[m
[1m[48;5;190;38;5;67m 190 [0m[48;2;215;255;0;38;5;190m#d7ff00[m[1m[48;5;191;38;5;68m 191 [0m[48;2;215;255;95;38;5;191m#d7ff5f[m[1m[48;5;192;38;5;69m 192 [0m[48;2;215;255;135;38;5;192m#d7ff87[m[1m[48;5;193;38;5;64m 193 [0m[48;2;215;255;175;38;5;193m#d7ffaf[m[1m[48;5;194;38;5;65m 194 [0m[48;2;215;255;215;38;5;194m#d7ffd7[m[1m[48;5;195;38;5;66m 195 [0m[48;2;215;255;255;38;5;195m#d7ffff[m
[1m[48;5;196;38;5;109m 196 [0m[48;2;255;0;0;38;5;196m#ff0000[m[1m[48;5;197;38;5;110m 197 [0m[48;2;255;0;95;38;5;197m#ff005f[m[1m[48;5;198;38;5;111m 198 [0m[48;2;255;0;135;38;5;198m#ff0087[m[1m[48;5;199;38;5;106m 199 [0m[48;2;255;0;175;38;5;199m#ff00af[m[1m[48;5;200;38;5;107m 200 [0m[48;2;255;0;215;38;5;200m#ff00d7[m[1m[48;5;201;38;5;108m 201 [0m[48;2;255;0;255;38;5;201m#ff00ff[m
[1m[48;5;202;38;5;115m 202 [0m[48;2;255;95;0;38;5;202m#ff5f00[m[1m[48;5;203;38;5;116m 203 [0m[48;2;255;95;95;38;5;203m#ff5f5f[m[1m[48;5;204;38;5;117m 204 [0m[48;2;255;95;135;38;5;204m#ff5f87[m[1m[48;5;205;38;5;112m 205 [0m[48;2;255;95;175;38;5;205m#ff5faf[m[1m[48;5;206;38;5;113m 206 [0m[48;2;255;95;215;38;5;206m#ff5fd7[m[1m[48;5;207;38;5;114m 207 [0m[48;2;255;95;255;38;5;207m#ff5fff[m
[1m[48;5;208;38;5;121m 208 [0m[48;2;255;135;0;38;5;208m#ff8700[m[1m[48;5;209;38;5;122m 209 [0m[48;2;255;135;95;38;5;209m#ff875f[m[1m[48;5;210;38;5;123m 210 [0m[48;2;255;135;135;38;5;210m#ff8787[m[1m[48;5;211;38;5;118m 211 [0m[48;2;255;135;175;38;5;211m#ff87af[m[1m[48;5;212;38;5;119m 212 [0m[48;2;255;135;215;38;5;212m#ff87d7[m[1m[48;5;213;38;5;120m 213 [0m[48;2;255;135;255;38;5;213m#ff87ff[m
[1m[48;5;214;38;5;91m 214 [0m[48;2;255;175;0;38;5;214m#ffaf00[m[1m[48;5;215;38;5;92m 215 [0m[48;2;255;175;95;38;5;215m#ffaf5f[m[1m[48;5;216;38;5;93m 216 [0m[48;2;255;175;135;38;5;216m#ffaf87[m[1m[48;5;217;38;5;88m 217 [0m[48;2;255;175;175;38;5;217m#ffafaf[m[1m[48;5;218;38;5;89m 218 [0m[48;2;255;175;215;38;5;218m#ffafd7[m[1m[48;5;219;38;5;90m 219 [0m[48;2;255;175;255;38;5;219m#ffafff[m
[1m[48;5;220;38;5;97m 220 [0m[48;2;255;215;0;38;5;220m#ffd700[m[1m[48;5;221;38;5;98m 221 [0m[48;2;255;215;95;38;5;221m#ffd75f[m[1m[48;5;222;38;5;99m 222 [0m[48;2;255;215;135;38;5;222m#ffd787[m[1m[48;5;223;38;5;94m 223 [0m[48;2;255;215;175;38;5;223m#ffd7af[m[1m[48;5;224;38;5;95m 224 [0m[48;2;255;215;215;38;5;224m#ffd7d7[m[1m[48;5;225;38;5;96m 225 [0m[48;2;255;215;255;38;5;225m#ffd7ff[m
[1m[48;5;226;38;5;103m 226 [0m[48;2;255;255;0;38;5;226m#ffff00[m[1m[48;5;227;38;5;104m 227 [0m[48;2;255;255;95;38;5;227m#ffff5f[m[1m[48;5;228;38;5;105m 228 [0m[48;2;255;255;135;38;5;228m#ffff87[m[1m[48;5;229;38;5;100m 229 [0m[48;2;255;255;175;38;5;229m#ffffaf[m[1m[48;5;230;38;5;101m 230 [0m[48;2;255;255;215;38;5;230m#ffffd7[m[1m[48;5;231;38;5;102m 231 [0m[48;2;255;255;255;38;5;231m#ffffff[m
[1m[48;5;232;38;5;244m 232 [38;5;232m#080808[0m[1m[48;5;233;38;5;245m 233 [38;5;233m#121212[0m[1m[48;5;234;38;5;246m 234 [38;5;234m#1c1c1c[0m[1m[48;5;235;38;5;247m 235 [38;5;235m#262626[0m[1m[48;5;236;38;5;248m 236 [38;5;236m#303030[0m[1m[48;5;237;38;5;249m 237 [38;5;237m#3a3a3a[0m
[1m[48;5;238;38;5;250m 238 [38;5;238m#444444[0m[1m[48;5;239;38;5;251m 239 [38;5;239m#4e4e4e[0m[1m[48;5;240;38;5;252m 240 [38;5;240m#585858[0m[1m[48;5;241;38;5;253m 241 [38;5;241m#626262[0m[1m[48;5;242;38;5;254m 242 [38;5;242m#6c6c6c[0m[1m[48;5;243;38;5;255m 243 [38;5;243m#767676[0m
[1m[48;5;244;38;5;232m 244 [38;5;244m#808080[0m[1m[48;5;245;38;5;233m 245 [38;5;245m#8a8a8a[0m[1m[48;5;246;38;5;234m 246 [38;5;246m#949494[0m[1m[48;5;247;38;5;235m 247 [38;5;247m#9e9e9e[0m[1m[48;5;248;38;5;236m 248 [38;5;248m#a8a8a8[0m[1m[48;5;249;38;5;237m 249 [38;5;249m#b2b2b2[0m
[1m[48;5;250;38;5;238m 250 [38;5;250m#bcbcbc[0m[1m[48;5;251;38;5;239m 251 [38;5;251m#c6c6c6[0m[1m[48;5;252;38;5;240m 252 [38;5;252m#d0d0d0[0m[1m[48;5;253;38;5;241m 253 [38;5;253m#dadada[0m[1m[48;5;254;38;5;242m 254 [38;5;254m#e4e4e4[0m[1m[48;5;255;38;5;243m 255 [38;5;255m#eeeeee[0m