[2;30;100mâ–ˆâ–ˆâ–“â–“â–’â–’â–‘â–‘[90;41mâ–ˆâ–ˆâ–“â–“â–’â–’â–‘â–‘[31;43mâ–ˆâ–ˆâ–“â–“â–’â–’â–‘â–‘[33;42mâ–ˆâ–ˆâ–“â–“â–’â–’â–‘â–‘[32;46mâ–ˆâ–ˆâ–“â–“â–’â–’â–‘â–‘[36;44mâ–ˆâ–ˆâ–“â–“â–’â–’â–‘â–‘[34;45mâ–ˆâ–ˆâ–“â–“â–’â–’â–‘â–‘[35;100mâ–ˆâ–ˆâ–“â–“â–’â–’â–‘â–‘[90;40mâ–ˆâ–ˆâ–“â–“â–’â–’â–‘â–‘[40m  [0;22m
[;30;100mâ–ˆâ–ˆâ–“â–“â–’â–’â–‘â–‘[90;41mâ–ˆâ–ˆâ–“â–“â–’â–’â–‘â–‘[31;43mâ–ˆâ–ˆâ–“â–“â–’â–’â–‘â–‘[33;42mâ–ˆâ–ˆâ–“â–“â–’â–’â–‘â–‘[32;46mâ–ˆâ–ˆâ–“â–“â–’â–’â–‘â–‘[36;44mâ–ˆâ–ˆâ–“â–“â–’â–’â–‘â–‘[34;45mâ–ˆâ–ˆâ–“â–“â–’â–’â–‘â–‘[35;100mâ–ˆâ–ˆâ–“â–“â–’â–’â–‘â–‘[90;40mâ–ˆâ–ˆâ–“â–“â–’â–’â–‘â–‘[40m  [0;22m
[;30;100mâ–ˆâ–ˆâ–“â–“â–’â–’â–‘â–‘[90;101mâ–ˆâ–ˆâ–“â–“â–’â–’â–‘â–‘[91;103mâ–ˆâ–ˆâ–“â–“â–’â–’â–‘â–‘[93;102mâ–ˆâ–ˆâ–“â–“â–’â–’â–‘â–‘[92;106mâ–ˆâ–ˆâ–“â–“â–’â–’â–‘â–‘[96;104mâ–ˆâ–ˆâ–“â–“â–’â–’â–‘â–‘[94;105mâ–ˆâ–ˆâ–“â–“â–’â–’â–‘â–‘[95;100mâ–ˆâ–ˆâ–“â–“â–’â–’â–‘â–‘[90;40mâ–ˆâ–ˆâ–“â–“â–’â–’â–‘â–‘[40m  [0;22m
[2;30;100mâ–ˆâ–ˆâ–“â–“â–’â–’â–‘â–‘[90;101mâ–ˆâ–ˆâ–“â–“â–’â–’â–‘â–‘[91;103mâ–ˆâ–ˆâ–“â–“â–’â–’â–‘â–‘[93;102mâ–ˆâ–ˆâ–“â–“â–’â–’â–‘â–‘[92;106mâ–ˆâ–ˆâ–“â–“â–’â–’â–‘â–‘[96;104mâ–ˆâ–ˆâ–“â–“â–’â–’â–‘â–‘[94;105mâ–ˆâ–ˆâ–“â–“â–’â–’â–‘â–‘[95;100mâ–ˆâ–ˆâ–“â–“â–’â–’â–‘â–‘[90;40mâ–ˆâ–ˆâ–“â–“â–’â–’â–‘â–‘[40m  [0;22m
